
> warehouse-inventory-capstone@1.0.0 test:algorithms
> node --test tests/algorithms.test.mjs

TAP version 13
# Subtest: hash map reports missing keys and empty size
ok 1 - hash map reports missing keys and empty size
  ---
  duration_ms: 0.843061
  type: 'test'
  ...
# Subtest: hash map distinguishes a stored undefined value from a missing key
ok 2 - hash map distinguishes a stored undefined value from a missing key
  ---
  duration_ms: 0.203581
  type: 'test'
  ...
# Subtest: hash map replaces a value without increasing size
ok 3 - hash map replaces a value without increasing size
  ---
  duration_ms: 0.096957
  type: 'test'
  ...
# Subtest: hash map resolves deliberate collisions and deletion within a chain
ok 4 - hash map resolves deliberate collisions and deletion within a chain
  ---
  duration_ms: 0.206239
  type: 'test'
  ...
# Subtest: hash map grows and retains exactly 1,000 entries
ok 5 - hash map grows and retains exactly 1,000 entries
  ---
  duration_ms: 3.381247
  type: 'test'
  ...
# Subtest: hash map rejects invalid keys and capacities without corrupting entries
ok 6 - hash map rejects invalid keys and capacities without corrupting entries
  ---
  duration_ms: 0.37188
  type: 'test'
  ...
# Subtest: hash map treats prototype-like and empty strings as ordinary keys
ok 7 - hash map treats prototype-like and empty strings as ordinary keys
  ---
  duration_ms: 0.149339
  type: 'test'
  ...
# Subtest: hash map entries returns independent key-value pair arrays
ok 8 - hash map entries returns independent key-value pair arrays
  ---
  duration_ms: 0.075666
  type: 'test'
  ...
# Subtest: trie handles an empty structure and a missing prefix
ok 9 - trie handles an empty structure and a missing prefix
  ---
  duration_ms: 0.642364
  type: 'test'
  ...
# Subtest: trie matches a whole-field prefix rather than a substring
ok 10 - trie matches a whole-field prefix rather than a substring
  ---
  duration_ms: 0.366129
  type: 'test'
  ...
# Subtest: trie ignores case and surrounding spaces
ok 11 - trie ignores case and surrounding spaces
  ---
  duration_ms: 0.119627
  type: 'test'
  ...
# Subtest: trie preserves shared prefixes when removing another word
ok 12 - trie preserves shared prefixes when removing another word
  ---
  duration_ms: 0.080628
  type: 'test'
  ...
# Subtest: trie preserves different items with the same name
ok 13 - trie preserves different items with the same name
  ---
  duration_ms: 0.054021
  type: 'test'
  ...
# Subtest: trie deduplicates an ID matching both name and SKU
ok 14 - trie deduplicates an ID matching both name and SKU
  ---
  duration_ms: 0.050449
  type: 'test'
  ...
# Subtest: trie removal prunes unused branches and permits reinsertion
ok 15 - trie removal prunes unused branches and permits reinsertion
  ---
  duration_ms: 0.152851
  type: 'test'
  ...
# Subtest: trie accepts prototype-like text without inheriting object properties
ok 16 - trie accepts prototype-like text without inheriting object properties
  ---
  duration_ms: 0.067808
  type: 'test'
  ...
# Subtest: trie handles Unicode code points and long keys without recursive traversal
ok 17 - trie handles Unicode code points and long keys without recursive traversal
  ---
  duration_ms: 0.329281
  type: 'test'
  ...
# Subtest: heap handles empty and one-item cases
ok 18 - heap handles empty and one-item cases
  ---
  duration_ms: 0.235184
  type: 'test'
  ...
# Subtest: heap orders zero stock and uses SKU and ID to break ties
ok 19 - heap orders zero stock and uses SKU and ID to break ties
  ---
  duration_ms: 0.25916
  type: 'test'
  ...
# Subtest: heap moves stock increases downward and decreases upward
ok 20 - heap moves stock increases downward and decreases upward
  ---
  duration_ms: 0.148632
  type: 'test'
  ...
# Subtest: heap removes a middle node, root, last node, and unknown ID
ok 21 - heap removes a middle node, root, last node, and unknown ID
  ---
  duration_ms: 0.113774
  type: 'test'
  ...
# Subtest: heap top-k leaves the main heap and position index unchanged
ok 22 - heap top-k leaves the main heap and position index unchanged
  ---
  duration_ms: 7.240593
  type: 'test'
  ...
# Subtest: heap filters before counting results and still returns sorted matches
ok 23 - heap filters before counting results and still returns sorted matches
  ---
  duration_ms: 13.362836
  type: 'test'
  ...
# Subtest: heap validates count and comparator; zero count is empty
ok 24 - heap validates count and comparator; zero count is empty
  ---
  duration_ms: 0.193138
  type: 'test'
  ...
# Subtest: heap drains 1,000 deterministic items in the same order as sorting
ok 25 - heap drains 1,000 deterministic items in the same order as sorting
  ---
  duration_ms: 39.583629
  type: 'test'
  ...
# Subtest: heap keeps position and ordering invariants across 1,000 seeded mutations
ok 26 - heap keeps position and ordering invariants across 1,000 seeded mutations
  ---
  duration_ms: 53.369397
  type: 'test'
  ...
# Subtest: coordinated index returns exact SKU, prefix, and lowest confirmed stock
ok 27 - coordinated index returns exact SKU, prefix, and lowest confirmed stock
  ---
  duration_ms: 0.383871
  type: 'test'
  ...
# Subtest: coordinated index removes old name and SKU entries after an edit
ok 28 - coordinated index removes old name and SKU entries after an edit
  ---
  duration_ms: 0.12528
  type: 'test'
  ...
# Subtest: coordinated index rejects duplicate SKU before removing the previous item
ok 29 - coordinated index rejects duplicate SKU before removing the previous item
  ---
  duration_ms: 0.328276
  type: 'test'
  ...
# Subtest: coordinated index removes archived items from all structures
ok 30 - coordinated index removes archived items from all structures
  ---
  duration_ms: 0.195473
  type: 'test'
  ...
# Subtest: coordinated index permits reinsertion after removal
ok 31 - coordinated index permits reinsertion after removal
  ---
  duration_ms: 0.078365
  type: 'test'
  ...
# Subtest: coordinated index keeps a defensive frozen snapshot
ok 32 - coordinated index keeps a defensive frozen snapshot
  ---
  duration_ms: 0.080191
  type: 'test'
  ...
# Subtest: coordinated index rejects invalid records without replacing a valid one
ok 33 - coordinated index rejects invalid records without replacing a valid one
  ---
  duration_ms: 0.205553
  type: 'test'
  ...
# Subtest: coordinated index handles a name equal to its SKU without duplicate results
ok 34 - coordinated index handles a name equal to its SKU without duplicate results
  ---
  duration_ms: 0.069177
  type: 'test'
  ...
# Subtest: a fresh loaded-view index drops records absent from the new page
ok 35 - a fresh loaded-view index drops records absent from the new page
  ---
  duration_ms: 0.098093
  type: 'test'
  ...
# Subtest: 1,000-item fixture is deterministic and uses unique synthetic IDs and SKUs
ok 36 - 1,000-item fixture is deterministic and uses unique synthetic IDs and SKUs
  ---
  duration_ms: 1.927743
  type: 'test'
  ...
# Subtest: 1,000-item prefix results equal an equivalent normalized startsWith scan
ok 37 - 1,000-item prefix results equal an equivalent normalized startsWith scan
  ---
  duration_ms: 11.750324
  type: 'test'
  ...
# Subtest: 1,000-item exact-SKU results equal a normalized linear scan
ok 38 - 1,000-item exact-SKU results equal a normalized linear scan
  ---
  duration_ms: 10.247624
  type: 'test'
  ...
# Subtest: 1,000-item stock changes agree across lookup, prefix, and heap
ok 39 - 1,000-item stock changes agree across lookup, prefix, and heap
  ---
  duration_ms: 6.761814
  type: 'test'
  ...
1..39
# tests 39
# suites 0
# pass 39
# fail 0
# cancelled 0
# skipped 0
# todo 0
# duration_ms 243.715178
